  401268      4BB Code                GWBSORTHEADERCLARION001_TEXT
  401724     34BD Code                GWBSORTHEADERCLARION002_TEXT
  404BE4      F09 Code                GWBSORTHEADERCLARION004_TEXT
  405AF0        C Code                GWBSORTHEADERCLARION_TEXT
  405AFC      381 Code                GWBSO_RU_TEXT
  405E80     1FB2 Code                GWBSO_SF_TEXT
  407E34       23 Code                IEXE32_TEXT
  407E58      1AA Code                INIT_TEXT
  408004       E3 Code                INST00_TEXT
  4080E8     1E14 Code                RESCODE_TEXT
  40A000       54 Initialized Data    GWBSORTHEADERCLARION001_CONST
  40A054      17C Initialized Data    GWBSORTHEADERCLARION002_CONST
  40A1D0      165 Initialized Data    GWBSORTHEADERCLARION002_DATA
  40A338       87 Initialized Data    GWBSORTHEADERCLARION004_CONST
  40A3C0      132 Initialized Data    GWBSORTHEADERCLARION_CONST
  40A4F4      2AC Initialized Data    GWBSORTHEADERCLARION_DATA
  40A7A0        A Initialized Data    GWBSO_RD_CONST
  40A7AC       29 Initialized Data    GWBSO_RU_CONST
  40A7D8      DE8 Initialized Data    GWBSO_SF_CONST
  40B5C0       44 Initialized Data    IEXE32_DATA
  40B604        8 Initialized Data    RESCODE_CONST
  40B60C      274 Initialized Data    RESCODE_DATA
  40B880        0 Initialized Data    __CPPINI_CONS
  40B880       E0 Initialized Data    __CPPINI_CONST
  40B960        4 Initialized Data    __CPPINI_END
  40B964        0 Initialized Data    __INIVMT_CONS
  40B964        8 Initialized Data    __INIVMT_CONST
  40B96C        0 Initialized Data    __INIVMT_CONST_END
  40B970       8A Un-initialized Data GWBSORTHEADERCLARION004_BSS
  40B9FC      304 Un-initialized Data GWBSORTHEADERCLARION_BSS
  40C000        8 __T_L_S__DAT
  40C008      444 __T_L_S__DATA
  40C44C        0 __T_L_S__DATA_END
  40C450        0 __T_L_S__BS
  40C450      36C __T_L_S__BSS
  40C7BC        0 __T_L_S__BSS_END

  4014E8 MAIN@F
  4044AC BROWSESTUDENTS@F
  4052A8 UPDATESTUDENTS@F
  405AF0 _main
  405B28 RIUPDATE:STUDENTS:ENROLLMENT@F
  405C40 RISNAP:STUDENTS@F
  405C60 RIUPDATE:STUDENTS@FUc
  405F38 RISAVEERROR@F
  405F8C STANDARDWARNING@Flsbsb
  407C1C STANDARDWARNING@Flsb
  407C68 STANDARDWARNING@Fl
  407C98 CHECKOPEN@FBfOUcOUc
  408004 __thr_inst0
  408014 __sta_init_entry
  408080 __sta_init_exit
  4080C0 __thr_init_entry
  4080E0 __thr_init_exit
  40829C SETPRIORITIES@F16WINDOWRESIZETYPE13POSITIONGROUP
  4082E8 SETSIZE@F16WINDOWRESIZETYPEs13POSITIONGROUP
  408380 GETSIZEINFO@F16WINDOWRESIZETYPEs13POSITIONGROUP
  408498 RESTORECONTROLS@F16WINDOWRESIZETYPE
  4084F4 TAKERESIZE@F16WINDOWRESIZETYPE
  4084FC SETPOSITION@F16WINDOWRESIZETYPEl13POSITIONGROUP13POSITIONGROUP13POSITIONGROUP13POSITIONGROUP
  408C70 SETPARENTDEFAULTS@F16WINDOWRESIZETYPE
  408CBC SETPARENTDEFAULT@F16WINDOWRESIZETYPE
  408F3C SETPARENTCONTROL@F16WINDOWRESIZETYPEll
  408FCC RESTOREWINDOW@F16WINDOWRESIZETYPE
  409078 RESIZECHILDREN@F16WINDOWRESIZETYPEl13POSITIONGROUP13POSITIONGROUP
  40924C RESIZE@F16WINDOWRESIZETYPEl
  40957C RESIZE@F16WINDOWRESIZETYPE
  40958C RESET@F16WINDOWRESIZETYPE
  4098BC KILL@F16WINDOWRESIZETYPE
  409948 INIT@F16WINDOWRESIZETYPEUcUcUc
  409B58 GETCURRENTPOS@F16WINDOWRESIZETYPEl13POSITIONGROUP
  409B94 GETORIGPOS@F16WINDOWRESIZETYPEl13POSITIONGROUP
  409BE4 GETRESIZESTRATEGY@F16WINDOWRESIZETYPEsOUc
  409D5C GETPOSITIONSTRATEGY@F16WINDOWRESIZETYPEsOUc
  409ED0 GETPARENTCONTROL@F16WINDOWRESIZETYPEl
  40A4F4 $GLO:SQLITETABLENAME
  40A508 MAJORS$TYPE$MAJ:RECORD
  40A540 ENROLLMENT$TYPE$ENR:RECORD
  40A5B8 CLASSES$TYPE$CLA:RECORD
  40A638 TEACHERS$TYPE$TEA:RECORD
  40A6D4 STUDENTS$TYPE$STU:RECORD
  40B60C TYPE$WINDOWRESIZETYPE
  40B854 VMT$WINDOWRESIZETYPE
  40B964 VMTP$WINDOWRESIZETYPE
  40B9FC $SAVEFILEERROR
  40BAFC $SAVEFILEERRORCODE
  40BBFC $SAVEERROR
  40BCFC $SAVEERRORCODE
  40C008 MAJORS$MAJ:KEYNUMBER
  40C02C MAJORS$MAJ:KEYDESCRIPTION
  40C050 KEYS$MAJORS
  40C058 $MAJORS
  40C0AC ENROLLMENT$ENR:STUSEQ
  40C0D0 ENROLLMENT$ENR:SEQSTU
  40C0F4 KEYS$ENROLLMENT
  40C0FC $ENROLLMENT
  40C150 CLASSES$CLA:KEYCLASSNUMBER
  40C174 CLASSES$CLA:KEYCOURSENUMBER
  40C198 CLASSES$CLA:KEYTEACHERNUMBER
  40C1BC KEYS$CLASSES
  40C1C8 $CLASSES
  40C21C TEACHERS$TEA:KEYTEACHERNUMBER
  40C240 TEACHERS$TEA:KEYLASTNAME
  40C264 TEACHERS$TEA:KEYDEPARTMENT
  40C288 KEYS$TEACHERS
  40C294 $TEACHERS
  40C2E8 STUDENTS$STU:KEYSTUDENTNUMBER
  40C30C STUDENTS$STU:MAJORKEY
  40C330 STUDENTS$STU:KEYLASTNAME
  40C354 STUDENTS$STU:KEYGRADYEAR
  40C378 STUDENTS$STU:DYNOKEY
  40C39C KEYS$STUDENTS
  40C3B0 STUDENTS$STU:PHOTOGRAPH
  40C3D0 MEMOS$STUDENTS
  40C3D4 $STUDENTS
  40C450 $GLOBALREQUEST
  40C454 $GLOBALRESPONSE
  40C458 $VCRREQUEST
  40C45C MAJORS$MAJ:RECORD
  40C474 ENROLLMENT$ENR:RECORD
  40C484 CLASSES$CLA:RECORD
  40C4A8 TEACHERS$TEA:RECORD
  40C514 STUDENTS$STU:RECORD
  40C598 $MAJORS::USED
  40C59C $ENROLLMENT::USED
  40C5A0 $STUDENTS::USED
  40C5AC GWBSO_RU$HOLDPOSITION
  40C7AC GWBSO_RU$SAV
  40D000 __import_section_start
  40E084 __import_section_end

Imports
ClaLit.dll:SQLITE 40D058
ClaRUN.dll:Cla$ACCEPTED 40D2A4,401000
ClaRUN.dll:Cla$ADDqueue 40D2A8
ClaRUN.dll:Cla$ADDqueuekey 40D2AC,401008
ClaRUN.dll:Cla$ADDqueueptr 40D2B0
ClaRUN.dll:Cla$BEEP 40D2B4,401010
ClaRUN.dll:Cla$BindG 40D2B8
ClaRUN.dll:Cla$BLOB_GET_PROPERTY 40D2BC
ClaRUN.dll:Cla$BLOB_SET_PROPERTY 40D2C0
ClaRUN.dll:Cla$CHOICE 40D2C4,401018
ClaRUN.dll:Cla$CLEAR 40D2C8
ClaRUN.dll:Cla$CLEARqueue 40D2CC
ClaRUN.dll:Cla$clearstr 40D2D0
ClaRUN.dll:Cla$ClearType 40D2D4
ClaRUN.dll:Cla$CLOSEwindow 40D2D8,401020
ClaRUN.dll:Cla$code 40D2DC
ClaRUN.dll:Cla$COMMIT 40D2E0,401028
ClaRUN.dll:Cla$comparestr 40D2E4
ClaRUN.dll:Cla$DecAdd 40D2E8
ClaRUN.dll:Cla$DecDistinct 40D2EC
ClaRUN.dll:Cla$DecDistinctR 40D2F0
ClaRUN.dll:Cla$DecDivide 40D2F4
ClaRUN.dll:Cla$DecMul 40D2F8
ClaRUN.dll:Cla$DecSub 40D2FC
ClaRUN.dll:Cla$DecSubR 40D300
ClaRUN.dll:Cla$DELETEqueue 40D304,401030
ClaRUN.dll:Cla$DISPLAY 40D308,401038
ClaRUN.dll:Cla$DISPOSEqueue 40D30C
ClaRUN.dll:Cla$Dlongpower 40D310
ClaRUN.dll:Cla$DPopDec 40D314
ClaRUN.dll:Cla$DPopLong 40D318
ClaRUN.dll:Cla$DPushDec 40D31C
ClaRUN.dll:Cla$DPushLong 40D320
ClaRUN.dll:Cla$duplicate 40D324
ClaRUN.dll:Cla$ENABLE 40D328,401040
ClaRUN.dll:Cla$EndEventLoop 40D32C
ClaRUN.dll:Cla$EndEventLoops 40D330
ClaRUN.dll:Cla$ERRORCODE 40D334,401048
ClaRUN.dll:Cla$EVENT 40D338,401050
ClaRUN.dll:Cla$FIELD 40D33C,401058
ClaRUN.dll:Cla$FILEERRORCODE 40D340,401060
ClaRUN.dll:Cla$FILEERRORMSG 40D344,401068
ClaRUN.dll:Cla$FILE_ADDf 40D348
ClaRUN.dll:Cla$FILE_BUILDf 40D34C,401070
ClaRUN.dll:Cla$FILE_CLOSE 40D350,401078
ClaRUN.dll:Cla$FILE_CREATE 40D354
ClaRUN.dll:CLA$FILE_DESTROY 40D358
ClaRUN.dll:Cla$FILE_DUPLICATEk 40D35C,401080
ClaRUN.dll:Cla$FILE_GETfl 40D360
ClaRUN.dll:Cla$FILE_GET_PROPERTY 40D364
ClaRUN.dll:Cla$FILE_NAME 40D368,401088
ClaRUN.dll:Cla$FILE_NEXT 40D36C,401090
ClaRUN.dll:Cla$FILE_OPEN 40D370,401098
ClaRUN.dll:Cla$FILE_POSITIONf 40D374,4010A0
ClaRUN.dll:Cla$FILE_POSITIONk 40D378,4010A8
ClaRUN.dll:Cla$FILE_PREV 40D37C,4010B0
ClaRUN.dll:Cla$FILE_PUTf 40D380
ClaRUN.dll:Cla$FILE_REGETf 40D384,4010B8
ClaRUN.dll:Cla$FILE_REGETk 40D388,4010C0
ClaRUN.dll:Cla$FILE_RESETf 40D38C,4010C8
ClaRUN.dll:Cla$FILE_RESETk 40D390,4010D0
ClaRUN.dll:Cla$FILE_SEND 40D394,4010D8
ClaRUN.dll:Cla$FILE_SETf 40D398,4010E0
ClaRUN.dll:Cla$FILE_SETk 40D39C,4010E8
ClaRUN.dll:Cla$FILE_SETkk 40D3A0,4010F0
ClaRUN.dll:Cla$FILE_SET_PROPERTY 40D3A4
ClaRUN.dll:Cla$FILE_WATCH 40D3A8,4010F8
ClaRUN.dll:Cla$FOCUS 40D3AC,401100
ClaRUN.dll:Cla$FREEqueue 40D3B0
ClaRUN.dll:Cla$FREEqueuea 40D3B4,401108
ClaRUN.dll:Cla$freestr 40D3B8
ClaRUN.dll:Cla$FreeUfo 40D3BC
ClaRUN.dll:Cla$freewindow 40D3C0
ClaRUN.dll:Cla$GETPOSITION 40D3C4,401110
ClaRUN.dll:Cla$GetPropS 40D3C8
ClaRUN.dll:Cla$GETqueuekey 40D3CC,401118
ClaRUN.dll:Cla$GETqueueptr 40D3D0
ClaRUN.dll:Cla$Group2Ufo 40D3D4
ClaRUN.dll:Cla$HALT 40D3D8,401120
ClaRUN.dll:Cla$init 40D3DC
ClaRUN.dll:Cla$KEYCHAR 40D3E0,401128
ClaRUN.dll:Cla$KEYCODE 40D3E4,401130
ClaRUN.dll:Cla$LASTFIELD 40D3E8,401138
ClaRUN.dll:Cla$LOGOUT 40D3EC,401140
ClaRUN.dll:Cla$Mem2Ufo 40D3F0
ClaRUN.dll:Cla$MessageBox 40D3F4,401148
ClaRUN.dll:Cla$NEWqueue 40D3F8
ClaRUN.dll:Cla$OPENwindow 40D3FC,401150
ClaRUN.dll:Cla$paopen 40D400,401158
ClaRUN.dll:Cla$pmopen 40D404,401160
ClaRUN.dll:Cla$PopBind 40D408,401168
ClaRUN.dll:Cla$PopCString 40D40C
ClaRUN.dll:Cla$PopString 40D410
ClaRUN.dll:Cla$PopTemp 40D414
ClaRUN.dll:Cla$POPUP 40D418,401170
ClaRUN.dll:Cla$POST 40D41C,401178
ClaRUN.dll:Cla$PushBind 40D420,401180
ClaRUN.dll:Cla$PushCString 40D424
ClaRUN.dll:Cla$PushLong 40D428
ClaRUN.dll:Cla$PushString 40D42C
ClaRUN.dll:Cla$PUTqueue 40D430
ClaRUN.dll:Cla$PUTqueuekey 40D434,401188
ClaRUN.dll:Cla$pwopen 40D438,401190
ClaRUN.dll:Cla$RECORDSqueue 40D43C,401198
ClaRUN.dll:Cla$REGISTEREVENT 40D440,4011A0
ClaRUN.dll:Cla$ROLLBACK 40D444,4011A8
ClaRUN.dll:Cla$rterr 40D448,4011B0
ClaRUN.dll:Cla$SELECT 40D44C,4011B8
ClaRUN.dll:Cla$SETCURSOR 40D450,4011C0
ClaRUN.dll:Cla$SETKEYCODE 40D454,4011C8
ClaRUN.dll:Cla$SETPOSITION 40D458,4011D0
ClaRUN.dll:Cla$SetPropS 40D45C
ClaRUN.dll:Cla$SetPropV 40D460
ClaRUN.dll:Cla$SORTqueuekey 40D464,4011D8
ClaRUN.dll:Cla$Stack2DStack 40D468
ClaRUN.dll:Cla$StackCLIP 40D46C,4011E0
ClaRUN.dll:Cla$StackCompareN 40D470
ClaRUN.dll:Cla$StackCompareNEQ 40D474
ClaRUN.dll:Cla$StackConcat 40D478
ClaRUN.dll:Cla$StackConcatR 40D47C
ClaRUN.dll:Cla$StackErrstr 40D480,4011E8
ClaRUN.dll:Cla$StackINLIST 40D484
ClaRUN.dll:Cla$StackINSTRING 40D488,4011F0
ClaRUN.dll:Cla$StackLen 40D48C,4011F8
ClaRUN.dll:Cla$StackLOWER 40D490,401200
ClaRUN.dll:Cla$STACKpop 40D494
ClaRUN.dll:Cla$StackRotate 40D498
ClaRUN.dll:Cla$StackSUB 40D49C,401208
ClaRUN.dll:Cla$StackUPPER 40D4A0,401210
ClaRUN.dll:Cla$START 40D4A4,401218
ClaRUN.dll:Cla$StartEventLoop 40D4A8
ClaRUN.dll:Cla$STOP 40D4AC,401220
ClaRUN.dll:Cla$storecstr 40D4B0
ClaRUN.dll:Cla$storestr 40D4B4
ClaRUN.dll:Cla$THREAD 40D4B8,401228
ClaRUN.dll:Cla$THREAD_FILE 40D4BC
ClaRUN.dll:Cla$UNREGISTEREVENT 40D4C0,401230
ClaRUN.dll:Cla$VIEW_SETvl 40D4C4,401238
ClaRUN.dll:THR$GetInstance 40D4C8,401240
ClaRUN.dll:VIEWDRIVER 40D4CC
ClaRUN.dll:_exit 40D4D0,401248
ClaRUN.dll:_free 40D4D4
ClaRUN.dll:_malloc 40D4D8
ClaRUN.dll:__sysinit 40D4DC,401250
ClaRUN.dll:__sysstart 40D4E0,401258
KERNEL32.dll:SleepEx 40D4F0,401260



Entry Point:   407E34